// Vitest Snapshot v1

exports[`Snapshots SongItem.vue > render correctly 1`] = `
<li
  class="flex justify-between items-center p-3 pl-5 cursor-pointer transition duration-300 hover:bg-gray-50 song-id-abc"
>
  <div>
    <router-link-stub
      class="font-bold block text-gray-600"
      custom="false"
      to="[object Object]"
    />
    <span
      class="text-gray-500 text-sm"
    >
      test
    </span>
  </div>
  <div
    class="text-gray-600 text-lg"
  >
    <!-- type custom to not render as a tag, and have &lt;span /&gt; clickable -->
    <router-link-stub
      custom="true"
      to="[object Object]"
    />
  </div>
</li>
`;
